$ mise run benchmark-smoke
[benchmark-smoke] $ uv run --no-project python tools/benchmark/run.py compile
+ cargo bench -p finstack-ai-test --bench conformance --locked --no-run
    Finished `bench` profile [optimized] target(s) in 0.04s
  Executable benches/conformance.rs (target/release/deps/conformance-be29ced0fc4239c9)
benchmark: compile ok
+ cargo bench -p finstack-ai-test --bench conformance --locked -- --quick
    Finished `bench` profile [optimized] target(s) in 0.04s
     Running benches/conformance.rs (target/release/deps/conformance-be29ced0fc4239c9)
Benchmarking conformance_noop/load_normalize_compare
Benchmarking conformance_noop/load_normalize_compare: Analyzing
conformance_noop/load_normalize_compare
                        time:   [228.29 µs 229.42 µs 233.92 µs]
                        change: [−6.9908% −4.7833% −2.5255%] (p = 0.07 > 0.05)
                        No change in performance detected.
Benchmarking conformance_noop/runner_noop_adapter
Benchmarking conformance_noop/runner_noop_adapter: Analyzing
conformance_noop/runner_noop_adapter
                        time:   [222.31 µs 222.80 µs 224.75 µs]
                        change: [−8.3214% −6.8407% −5.3283%] (p = 0.07 > 0.05)
                        No change in performance detected.

Benchmarking scripted_model_reducer/runner_model_only_completion
Benchmarking scripted_model_reducer/runner_model_only_completion: Analyzing
scripted_model_reducer/runner_model_only_completion
                        time:   [209.65 µs 210.06 µs 211.69 µs]
                        change: [−5.2061% −4.7313% −4.2565%] (p = 0.05 < 0.05)
                        Performance has improved.

benchmark: wrote /Users/jeickmeier/Projects/finstack-ai/target/benchmark/smoke/metadata.json

exit_status=0
