$ mise run conformance
[conformance] $ cargo test -p finstack-ai-test --locked
   Compiling finstack-ai-test v0.0.1 (/Users/jeickmeier/Projects/finstack-ai/crates/finstack-ai-test)
    Finished `test` profile [unoptimized + debuginfo] target(s) in 0.28s
     Running unittests src/lib.rs (target/debug/deps/finstack_ai_test-658cbe1caf9f6c78)

running 4 tests
test public_api_fixture::tests::metadata_key_ceiling_constant_is_visible ... ok
test public_api_fixture::tests::json_string_recipe_materializes_exact_source_span ... ok
test public_api_fixture::tests::scientific_array_recipe_expands_under_jcs ... ok
test trace_fixture::tests::normalize_sorts_object_keys ... ok

test result: ok. 4 passed; 0 failed; 0 ignored; 0 measured; 0 filtered out; finished in 0.00s

     Running tests/conformance.rs (target/debug/deps/conformance-6aa7c2e137157ea1)

running 3 tests
test rust_noop_adapter_passes_durable_vs_transient_trace ... ok
test rust_noop_adapter_passes_noop_trace ... ok
test python_and_wasm_adapters_are_deferred_and_never_pass ... ok

test result: ok. 3 passed; 0 failed; 0 ignored; 0 measured; 0 filtered out; finished in 0.01s

     Running tests/golden_trace.rs (target/debug/deps/golden_trace-1d551b69e97d73b0)

running 7 tests
test normalization_is_order_independent_for_object_keys ... ok
test pr009_external_completion_allows_present_empty_text ... ok
test pr009_scripted_step_contract_rejects_missing_fields_and_kind_misuse ... ok
test unknown_fields_are_rejected ... ok
test durable_and_transient_events_are_distinguished ... ok
test oversized_payload_declarations_are_rejected ... ok
test noop_trace_loads_and_compares_byte_for_byte ... ok

test result: ok. 7 passed; 0 failed; 0 ignored; 0 measured; 0 filtered out; finished in 0.01s

     Running tests/public_rust_api.rs (target/debug/deps/public_rust_api-e7d0a5de1306608f)

running 4 tests
test deterministic_uuidv7_fakes_are_repeatable ... ok
test run_phase_fixture_requires_the_complete_ordered_vocabulary ... ok
test public_rust_api_corpus_includes_pr009_reducer_subjects ... ok
test public_rust_api_corpus_passes ... ok

test result: ok. 4 passed; 0 failed; 0 ignored; 0 measured; 0 filtered out; finished in 0.09s

     Running tests/reducer.rs (target/debug/deps/reducer-403f35b5d5a5b7df)

running 10 tests
test reducer_adapter_rejects_wrong_versions_and_transition_value_drift ... ok
test reducer_adapter_rejects_a_missing_transition_timestamp ... ok
test reducer_adapter_rejects_an_extra_transition_timestamp ... ok
test reducer_adapter_rejects_a_missing_transition_id ... ok
test reducer_adapter_rejects_an_extra_transition_id ... ok
test empty_external_completion_replays_one_empty_text_block ... ok
test reducer_adapter_never_derives_observed_output_from_expected ... ok
test model_chunk_splits_do_not_change_durable_or_final_projection ... ok
test deferred_and_continuation_committed_batches_replay_without_decide ... ok
test model_only_fixtures_execute_through_real_reducer_and_match ... ok

test result: ok. 10 passed; 0 failed; 0 ignored; 0 measured; 0 filtered out; finished in 0.05s

   Doc-tests finstack_ai_test

running 0 tests

test result: ok. 0 passed; 0 failed; 0 ignored; 0 measured; 0 filtered out; finished in 0.00s


exit_status=0
